This is pdfTeX, Version 3.141592653-2.6-1.40.27 (TeX Live 2025) (preloaded format=pdflatex 2025.5.27)  1 JUN 2026 08:51
entering extended mode
 restricted \write18 enabled.
 %&-line parsing enabled.
**report_loaded_functions.tex
(./report_loaded_functions.tex
LaTeX2e <2024-11-01> patch level 2
L3 programming layer <2025-01-18>
(/usr/local/texlive/2025/texmf-dist/tex/latex/base/article.cls
Document Class: article 2024/06/29 v1.4n Standard LaTeX document class
(/usr/local/texlive/2025/texmf-dist/tex/latex/base/size12.clo
File: size12.clo 2024/06/29 v1.4n Standard LaTeX file (size option)
)
\c@part=\count196
\c@section=\count197
\c@subsection=\count198
\c@subsubsection=\count199
\c@paragraph=\count266
\c@subparagraph=\count267
\c@figure=\count268
\c@table=\count269
\abovecaptionskip=\skip49
\belowcaptionskip=\skip50
\bibindent=\dimen141
)
(/usr/local/texlive/2025/texmf-dist/tex/latex/base/fontenc.sty
Package: fontenc 2021/04/29 v2.0v Standard LaTeX package

(/usr/local/texlive/2025/texmf-dist/tex/latex/cyrillic/t2aenc.def
File: t2aenc.def 2023/11/07 v1.0k Cyrillic encoding definition file
Now handling font encoding T2A ...
... processing UTF-8 mapping file for font encoding T2A

(/usr/local/texlive/2025/texmf-dist/tex/latex/base/t2aenc.dfu
File: t2aenc.dfu 2022/06/07 v1.3c UTF-8 support
   defining Unicode char U+00A4 (decimal 164)
   defining Unicode char U+00A7 (decimal 167)
   defining Unicode char U+00AB (decimal 171)
   defining Unicode char U+00BB (decimal 187)
   defining Unicode char U+0131 (decimal 305)
   defining Unicode char U+0237 (decimal 567)
   defining Unicode char U+0400 (decimal 1024)
   defining Unicode char U+0401 (decimal 1025)
   defining Unicode char U+0402 (decimal 1026)
   defining Unicode char U+0403 (decimal 1027)
   defining Unicode char U+0404 (decimal 1028)
   defining Unicode char U+0405 (decimal 1029)
   defining Unicode char U+0406 (decimal 1030)
   defining Unicode char U+0407 (decimal 1031)
   defining Unicode char U+0408 (decimal 1032)
   defining Unicode char U+0409 (decimal 1033)
   defining Unicode char U+040A (decimal 1034)
   defining Unicode char U+040B (decimal 1035)
   defining Unicode char U+040C (decimal 1036)
   defining Unicode char U+040D (decimal 1037)
   defining Unicode char U+040E (decimal 1038)
   defining Unicode char U+040F (decimal 1039)
   defining Unicode char U+0410 (decimal 1040)
   defining Unicode char U+0411 (decimal 1041)
   defining Unicode char U+0412 (decimal 1042)
   defining Unicode char U+0413 (decimal 1043)
   defining Unicode char U+0414 (decimal 1044)
   defining Unicode char U+0415 (decimal 1045)
   defining Unicode char U+0416 (decimal 1046)
   defining Unicode char U+0417 (decimal 1047)
   defining Unicode char U+0418 (decimal 1048)
   defining Unicode char U+0419 (decimal 1049)
   defining Unicode char U+041A (decimal 1050)
   defining Unicode char U+041B (decimal 1051)
   defining Unicode char U+041C (decimal 1052)
   defining Unicode char U+041D (decimal 1053)
   defining Unicode char U+041E (decimal 1054)
   defining Unicode char U+041F (decimal 1055)
   defining Unicode char U+0420 (decimal 1056)
   defining Unicode char U+0421 (decimal 1057)
   defining Unicode char U+0422 (decimal 1058)
   defining Unicode char U+0423 (decimal 1059)
   defining Unicode char U+0424 (decimal 1060)
   defining Unicode char U+0425 (decimal 1061)
   defining Unicode char U+0426 (decimal 1062)
   defining Unicode char U+0427 (decimal 1063)
   defining Unicode char U+0428 (decimal 1064)
   defining Unicode char U+0429 (decimal 1065)
   defining Unicode char U+042A (decimal 1066)
   defining Unicode char U+042B (decimal 1067)
   defining Unicode char U+042C (decimal 1068)
   defining Unicode char U+042D (decimal 1069)
   defining Unicode char U+042E (decimal 1070)
   defining Unicode char U+042F (decimal 1071)
   defining Unicode char U+0430 (decimal 1072)
   defining Unicode char U+0431 (decimal 1073)
   defining Unicode char U+0432 (decimal 1074)
   defining Unicode char U+0433 (decimal 1075)
   defining Unicode char U+0434 (decimal 1076)
   defining Unicode char U+0435 (decimal 1077)
   defining Unicode char U+0436 (decimal 1078)
   defining Unicode char U+0437 (decimal 1079)
   defining Unicode char U+0438 (decimal 1080)
   defining Unicode char U+0439 (decimal 1081)
   defining Unicode char U+043A (decimal 1082)
   defining Unicode char U+043B (decimal 1083)
   defining Unicode char U+043C (decimal 1084)
   defining Unicode char U+043D (decimal 1085)
   defining Unicode char U+043E (decimal 1086)
   defining Unicode char U+043F (decimal 1087)
   defining Unicode char U+0440 (decimal 1088)
   defining Unicode char U+0441 (decimal 1089)
   defining Unicode char U+0442 (decimal 1090)
   defining Unicode char U+0443 (decimal 1091)
   defining Unicode char U+0444 (decimal 1092)
   defining Unicode char U+0445 (decimal 1093)
   defining Unicode char U+0446 (decimal 1094)
   defining Unicode char U+0447 (decimal 1095)
   defining Unicode char U+0448 (decimal 1096)
   defining Unicode char U+0449 (decimal 1097)
   defining Unicode char U+044A (decimal 1098)
   defining Unicode char U+044B (decimal 1099)
   defining Unicode char U+044C (decimal 1100)
   defining Unicode char U+044D (decimal 1101)
   defining Unicode char U+044E (decimal 1102)
   defining Unicode char U+044F (decimal 1103)
   defining Unicode char U+0450 (decimal 1104)
   defining Unicode char U+0451 (decimal 1105)
   defining Unicode char U+0452 (decimal 1106)
   defining Unicode char U+0453 (decimal 1107)
   defining Unicode char U+0454 (decimal 1108)
   defining Unicode char U+0455 (decimal 1109)
   defining Unicode char U+0456 (decimal 1110)
   defining Unicode char U+0457 (decimal 1111)
   defining Unicode char U+0458 (decimal 1112)
   defining Unicode char U+0459 (decimal 1113)
   defining Unicode char U+045A (decimal 1114)
   defining Unicode char U+045B (decimal 1115)
   defining Unicode char U+045C (decimal 1116)
   defining Unicode char U+045D (decimal 1117)
   defining Unicode char U+045E (decimal 1118)
   defining Unicode char U+045F (decimal 1119)
   defining Unicode char U+0490 (decimal 1168)
   defining Unicode char U+0491 (decimal 1169)
   defining Unicode char U+0492 (decimal 1170)
   defining Unicode char U+0493 (decimal 1171)
   defining Unicode char U+0496 (decimal 1174)
   defining Unicode char U+0497 (decimal 1175)
   defining Unicode char U+0498 (decimal 1176)
   defining Unicode char U+0499 (decimal 1177)
   defining Unicode char U+049A (decimal 1178)
   defining Unicode char U+049B (decimal 1179)
   defining Unicode char U+049C (decimal 1180)
   defining Unicode char U+049D (decimal 1181)
   defining Unicode char U+04A0 (decimal 1184)
   defining Unicode char U+04A1 (decimal 1185)
   defining Unicode char U+04A2 (decimal 1186)
   defining Unicode char U+04A3 (decimal 1187)
   defining Unicode char U+04A4 (decimal 1188)
   defining Unicode char U+04A5 (decimal 1189)
   defining Unicode char U+04AA (decimal 1194)
   defining Unicode char U+04AB (decimal 1195)
   defining Unicode char U+04AE (decimal 1198)
   defining Unicode char U+04AF (decimal 1199)
   defining Unicode char U+04B0 (decimal 1200)
   defining Unicode char U+04B1 (decimal 1201)
   defining Unicode char U+04B2 (decimal 1202)
   defining Unicode char U+04B3 (decimal 1203)
   defining Unicode char U+04B6 (decimal 1206)
   defining Unicode char U+04B7 (decimal 1207)
   defining Unicode char U+04B8 (decimal 1208)
   defining Unicode char U+04B9 (decimal 1209)
   defining Unicode char U+04BA (decimal 1210)
   defining Unicode char U+04BB (decimal 1211)
   defining Unicode char U+04C0 (decimal 1216)
   defining Unicode char U+04C1 (decimal 1217)
   defining Unicode char U+04C2 (decimal 1218)
   defining Unicode char U+04D0 (decimal 1232)
   defining Unicode char U+04D1 (decimal 1233)
   defining Unicode char U+04D2 (decimal 1234)
   defining Unicode char U+04D3 (decimal 1235)
   defining Unicode char U+04D4 (decimal 1236)
   defining Unicode char U+04D5 (decimal 1237)
   defining Unicode char U+04D6 (decimal 1238)
   defining Unicode char U+04D7 (decimal 1239)
   defining Unicode char U+04D8 (decimal 1240)
   defining Unicode char U+04D9 (decimal 1241)
   defining Unicode char U+04DA (decimal 1242)
   defining Unicode char U+04DB (decimal 1243)
   defining Unicode char U+04DC (decimal 1244)
   defining Unicode char U+04DD (decimal 1245)
   defining Unicode char U+04DE (decimal 1246)
   defining Unicode char U+04DF (decimal 1247)
   defining Unicode char U+04E2 (decimal 1250)
   defining Unicode char U+04E3 (decimal 1251)
   defining Unicode char U+04E4 (decimal 1252)
   defining Unicode char U+04E5 (decimal 1253)
   defining Unicode char U+04E6 (decimal 1254)
   defining Unicode char U+04E7 (decimal 1255)
   defining Unicode char U+04E8 (decimal 1256)
   defining Unicode char U+04E9 (decimal 1257)
   defining Unicode char U+04EC (decimal 1260)
   defining Unicode char U+04ED (decimal 1261)
   defining Unicode char U+04EE (decimal 1262)
   defining Unicode char U+04EF (decimal 1263)
   defining Unicode char U+04F0 (decimal 1264)
   defining Unicode char U+04F1 (decimal 1265)
   defining Unicode char U+04F2 (decimal 1266)
   defining Unicode char U+04F3 (decimal 1267)
   defining Unicode char U+04F4 (decimal 1268)
   defining Unicode char U+04F5 (decimal 1269)
   defining Unicode char U+04F8 (decimal 1272)
   defining Unicode char U+04F9 (decimal 1273)
   defining Unicode char U+200C (decimal 8204)
   defining Unicode char U+2013 (decimal 8211)
   defining Unicode char U+2014 (decimal 8212)
   defining Unicode char U+2018 (decimal 8216)
   defining Unicode char U+2019 (decimal 8217)
   defining Unicode char U+201C (decimal 8220)
   defining Unicode char U+201D (decimal 8221)
   defining Unicode char U+201E (decimal 8222)
   defining Unicode char U+2030 (decimal 8240)
   defining Unicode char U+2031 (decimal 8241)
   defining Unicode char U+2116 (decimal 8470)
   defining Unicode char U+2329 (decimal 9001)
   defining Unicode char U+3008 (decimal 12296)
   defining Unicode char U+232A (decimal 9002)
   defining Unicode char U+3009 (decimal 12297)
   defining Unicode char U+2423 (decimal 9251)
   defining Unicode char U+27E8 (decimal 10216)
   defining Unicode char U+27E9 (decimal 10217)
   defining Unicode char U+FB00 (decimal 64256)
   defining Unicode char U+FB01 (decimal 64257)
   defining Unicode char U+FB02 (decimal 64258)
   defining Unicode char U+FB03 (decimal 64259)
   defining Unicode char U+FB04 (decimal 64260)
   defining Unicode char U+FB05 (decimal 64261)
   defining Unicode char U+FB06 (decimal 64262)
))
LaTeX Font Info:    Trying to load font information for T2A+cmr on input line 1
16.

(/usr/local/texlive/2025/texmf-dist/tex/latex/cyrillic/t2acmr.fd
File: t2acmr.fd 2001/08/11 v1.0a Computer Modern Cyrillic font definitions
))
(/usr/local/texlive/2025/texmf-dist/tex/latex/base/inputenc.sty
Package: inputenc 2024/02/08 v1.3d Input encoding file
\inpenc@prehook=\toks17
\inpenc@posthook=\toks18
)
(/usr/local/texlive/2025/texmf-dist/tex/generic/babel/babel.sty
Package: babel 2025/02/14 v25.4 The multilingual framework for pdfLaTeX, LuaLaT
eX and XeLaTeX
\babel@savecnt=\count270
\U@D=\dimen142
\l@unhyphenated=\language90

(/usr/local/texlive/2025/texmf-dist/tex/generic/babel/txtbabel.def)
\bbl@readstream=\read2
\bbl@dirlevel=\count271

(/usr/local/texlive/2025/texmf-dist/tex/generic/babel-russian/russianb.ldf
File: russianb.ldf 2021/01/10 1.3m Russian support for the Babel system
Language: russian 2020/09/09 1.3k Russian support for the Babel system
Package babel Info: Making " an active character on input line 124.
Package babel Info: Default for \cyrdash is provided on input line 163.
))
(/usr/local/texlive/2025/texmf-dist/tex/generic/babel/locale/ru/babel-russian.t
ex
Package babel Info: Importing font and identification data for russian
(babel)             from babel-ru.ini. Reported on input line 11.
) (/usr/local/texlive/2025/texmf-dist/tex/latex/amsmath/amsmath.sty
Package: amsmath 2024/11/05 v2.17t AMS math features
\@mathmargin=\skip51

For additional information on amsmath, use the `?' option.
(/usr/local/texlive/2025/texmf-dist/tex/latex/amsmath/amstext.sty
Package: amstext 2021/08/26 v2.01 AMS text

(/usr/local/texlive/2025/texmf-dist/tex/latex/amsmath/amsgen.sty
File: amsgen.sty 1999/11/30 v2.0 generic functions
\@emptytoks=\toks19
\ex@=\dimen143
))
(/usr/local/texlive/2025/texmf-dist/tex/latex/amsmath/amsbsy.sty
Package: amsbsy 1999/11/29 v1.2d Bold Symbols
\pmbraise@=\dimen144
)
(/usr/local/texlive/2025/texmf-dist/tex/latex/amsmath/amsopn.sty
Package: amsopn 2022/04/08 v2.04 operator names
)
\inf@bad=\count272
LaTeX Info: Redefining \frac on input line 233.
\uproot@=\count273
\leftroot@=\count274
LaTeX Info: Redefining \overline on input line 398.
LaTeX Info: Redefining \colon on input line 409.
\classnum@=\count275
\DOTSCASE@=\count276
LaTeX Info: Redefining \ldots on input line 495.
LaTeX Info: Redefining \dots on input line 498.
LaTeX Info: Redefining \cdots on input line 619.
\Mathstrutbox@=\box52
\strutbox@=\box53
LaTeX Info: Redefining \big on input line 721.
LaTeX Info: Redefining \Big on input line 722.
LaTeX Info: Redefining \bigg on input line 723.
LaTeX Info: Redefining \Bigg on input line 724.
\big@size=\dimen145
LaTeX Font Info:    Redeclaring font encoding OML on input line 742.
LaTeX Font Info:    Redeclaring font encoding OMS on input line 743.
\macc@depth=\count277
LaTeX Info: Redefining \bmod on input line 904.
LaTeX Info: Redefining \pmod on input line 909.
LaTeX Info: Redefining \smash on input line 939.
LaTeX Info: Redefining \relbar on input line 969.
LaTeX Info: Redefining \Relbar on input line 970.
\c@MaxMatrixCols=\count278
\dotsspace@=\muskip17
\c@parentequation=\count279
\dspbrk@lvl=\count280
\tag@help=\toks20
\row@=\count281
\column@=\count282
\maxfields@=\count283
\andhelp@=\toks21
\eqnshift@=\dimen146
\alignsep@=\dimen147
\tagshift@=\dimen148
\tagwidth@=\dimen149
\totwidth@=\dimen150
\lineht@=\dimen151
\@envbody=\toks22
\multlinegap=\skip52
\multlinetaggap=\skip53
\mathdisplay@stack=\toks23
LaTeX Info: Redefining \[ on input line 2953.
LaTeX Info: Redefining \] on input line 2954.
)
(/usr/local/texlive/2025/texmf-dist/tex/latex/amsfonts/amssymb.sty
Package: amssymb 2013/01/14 v3.01 AMS font symbols

(/usr/local/texlive/2025/texmf-dist/tex/latex/amsfonts/amsfonts.sty
Package: amsfonts 2013/01/14 v3.01 Basic AMSFonts support
\symAMSa=\mathgroup4
\symAMSb=\mathgroup5
LaTeX Font Info:    Redeclaring math symbol \hbar on input line 98.
LaTeX Font Info:    Overwriting math alphabet `\mathfrak' in version `bold'
(Font)                  U/euf/m/n --> U/euf/b/n on input line 106.
))
(/usr/local/texlive/2025/texmf-dist/tex/latex/geometry/geometry.sty
Package: geometry 2020/01/02 v5.9 Page Geometry

(/usr/local/texlive/2025/texmf-dist/tex/latex/graphics/keyval.sty
Package: keyval 2022/05/29 v1.15 key=value parser (DPC)
\KV@toks@=\toks24
)
(/usr/local/texlive/2025/texmf-dist/tex/generic/iftex/ifvtex.sty
Package: ifvtex 2019/10/25 v1.7 ifvtex legacy package. Use iftex instead.

(/usr/local/texlive/2025/texmf-dist/tex/generic/iftex/iftex.sty
Package: iftex 2024/12/12 v1.0g TeX engine tests
))
\Gm@cnth=\count284
\Gm@cntv=\count285
\c@Gm@tempcnt=\count286
\Gm@bindingoffset=\dimen152
\Gm@wd@mp=\dimen153
\Gm@odd@mp=\dimen154
\Gm@even@mp=\dimen155
\Gm@layoutwidth=\dimen156
\Gm@layoutheight=\dimen157
\Gm@layouthoffset=\dimen158
\Gm@layoutvoffset=\dimen159
\Gm@dimlist=\toks25
)
(/usr/local/texlive/2025/texmf-dist/tex/latex/graphics/graphicx.sty
Package: graphicx 2021/09/16 v1.2d Enhanced LaTeX Graphics (DPC,SPQR)

(/usr/local/texlive/2025/texmf-dist/tex/latex/graphics/graphics.sty
Package: graphics 2024/08/06 v1.4g Standard LaTeX Graphics (DPC,SPQR)

(/usr/local/texlive/2025/texmf-dist/tex/latex/graphics/trig.sty
Package: trig 2023/12/02 v1.11 sin cos tan (DPC)
)
(/usr/local/texlive/2025/texmf-dist/tex/latex/graphics-cfg/graphics.cfg
File: graphics.cfg 2016/06/04 v1.11 sample graphics configuration
)
Package graphics Info: Driver file: pdftex.def on input line 106.

(/usr/local/texlive/2025/texmf-dist/tex/latex/graphics-def/pdftex.def
File: pdftex.def 2024/04/13 v1.2c Graphics/color driver for pdftex
))
\Gin@req@height=\dimen160
\Gin@req@width=\dimen161
)
(/usr/local/texlive/2025/texmf-dist/tex/latex/float/float.sty
Package: float 2001/11/08 v1.3d Float enhancements (AL)
\c@float@type=\count287
\float@exts=\toks26
\float@box=\box54
\@float@everytoks=\toks27
\@floatcapt=\box55
)
(/usr/local/texlive/2025/texmf-dist/tex/latex/booktabs/booktabs.sty
Package: booktabs 2020/01/12 v1.61803398 Publication quality tables
\heavyrulewidth=\dimen162
\lightrulewidth=\dimen163
\cmidrulewidth=\dimen164
\belowrulesep=\dimen165
\belowbottomsep=\dimen166
\aboverulesep=\dimen167
\abovetopsep=\dimen168
\cmidrulesep=\dimen169
\cmidrulekern=\dimen170
\defaultaddspace=\dimen171
\@cmidla=\count288
\@cmidlb=\count289
\@aboverulesep=\dimen172
\@belowrulesep=\dimen173
\@thisruleclass=\count290
\@lastruleclass=\count291
\@thisrulewidth=\dimen174
)
(/usr/local/texlive/2025/texmf-dist/tex/latex/tools/array.sty
Package: array 2024/10/17 v2.6g Tabular extension package (FMi)
\col@sep=\dimen175
\ar@mcellbox=\box56
\extrarowheight=\dimen176
\NC@list=\toks28
\extratabsurround=\skip54
\backup@length=\skip55
\ar@cellbox=\box57
)
(/usr/local/texlive/2025/texmf-dist/tex/latex/tools/longtable.sty
Package: longtable 2024-10-27 v4.22 Multi-page Table package (DPC)
\LTleft=\skip56
\LTright=\skip57
\LTpre=\skip58
\LTpost=\skip59
\LTchunksize=\count292
\LTcapwidth=\dimen177
\LT@head=\box58
\LT@firsthead=\box59
\LT@foot=\box60
\LT@lastfoot=\box61
\LT@gbox=\box62
\LT@cols=\count293
\LT@rows=\count294
\c@LT@tables=\count295
\c@LT@chunks=\count296
\LT@p@ftn=\toks29
)
(/usr/local/texlive/2025/texmf-dist/tex/latex/caption/caption.sty
Package: caption 2023/08/05 v3.6o Customizing captions (AR)

(/usr/local/texlive/2025/texmf-dist/tex/latex/caption/caption3.sty
Package: caption3 2023/07/31 v2.4d caption3 kernel (AR)
\caption@tempdima=\dimen178
\captionmargin=\dimen179
\caption@leftmargin=\dimen180
\caption@rightmargin=\dimen181
\caption@width=\dimen182
\caption@indent=\dimen183
\caption@parindent=\dimen184
\caption@hangindent=\dimen185
Package caption Info: Standard document class detected.
)
\c@caption@flags=\count297
\c@continuedfloat=\count298
Package caption Info: float package is loaded.
Package caption Info: longtable package is loaded.

(/usr/local/texlive/2025/texmf-dist/tex/latex/caption/ltcaption.sty
Package: ltcaption 2021/01/08 v1.4c longtable captions (AR)
))
(/usr/local/texlive/2025/texmf-dist/tex/latex/pdflscape/pdflscape.sty
Package: pdflscape 2022-10-27 v0.13 Display of landscape pages in PDF

(/usr/local/texlive/2025/texmf-dist/tex/latex/pdflscape/pdflscape-nometadata.st
y
Package: pdflscape-nometadata 2022-10-28 v0.13 Display of landscape pages in PD
F (HO)
 (/usr/local/texlive/2025/texmf-dist/tex/latex/graphics/lscape.sty
Package: lscape 2020/05/28 v3.02 Landscape Pages (DPC)
)
Package pdflscape Info: Auto-detected driver: pdftex on input line 81.
))
(/usr/local/texlive/2025/texmf-dist/tex/latex/hyperref/hyperref.sty
Package: hyperref 2024-11-05 v7.01l Hypertext links for LaTeX

(/usr/local/texlive/2025/texmf-dist/tex/latex/kvsetkeys/kvsetkeys.sty
Package: kvsetkeys 2022-10-05 v1.19 Key value parser (HO)
)
(/usr/local/texlive/2025/texmf-dist/tex/generic/kvdefinekeys/kvdefinekeys.sty
Package: kvdefinekeys 2019-12-19 v1.6 Define keys (HO)
)
(/usr/local/texlive/2025/texmf-dist/tex/generic/pdfescape/pdfescape.sty
Package: pdfescape 2019/12/09 v1.15 Implements pdfTeX's escape features (HO)

(/usr/local/texlive/2025/texmf-dist/tex/generic/ltxcmds/ltxcmds.sty
Package: ltxcmds 2023-12-04 v1.26 LaTeX kernel commands for general use (HO)
)
(/usr/local/texlive/2025/texmf-dist/tex/generic/pdftexcmds/pdftexcmds.sty
Package: pdftexcmds 2020-06-27 v0.33 Utility functions of pdfTeX for LuaTeX (HO
)

(/usr/local/texlive/2025/texmf-dist/tex/generic/infwarerr/infwarerr.sty
Package: infwarerr 2019/12/03 v1.5 Providing info/warning/error messages (HO)
)
Package pdftexcmds Info: \pdf@primitive is available.
Package pdftexcmds Info: \pdf@ifprimitive is available.
Package pdftexcmds Info: \pdfdraftmode found.
))
(/usr/local/texlive/2025/texmf-dist/tex/latex/hycolor/hycolor.sty
Package: hycolor 2020-01-27 v1.10 Color options for hyperref/bookmark (HO)
)
(/usr/local/texlive/2025/texmf-dist/tex/latex/hyperref/nameref.sty
Package: nameref 2023-11-26 v2.56 Cross-referencing by name of section

(/usr/local/texlive/2025/texmf-dist/tex/latex/refcount/refcount.sty
Package: refcount 2019/12/15 v3.6 Data extraction from label references (HO)
)
(/usr/local/texlive/2025/texmf-dist/tex/generic/gettitlestring/gettitlestring.s
ty
Package: gettitlestring 2019/12/15 v1.6 Cleanup title references (HO)
 (/usr/local/texlive/2025/texmf-dist/tex/latex/kvoptions/kvoptions.sty
Package: kvoptions 2022-06-15 v3.15 Key value format for package options (HO)
))
\c@section@level=\count299
)
(/usr/local/texlive/2025/texmf-dist/tex/latex/etoolbox/etoolbox.sty
Package: etoolbox 2025/02/11 v2.5l e-TeX tools for LaTeX (JAW)
\etb@tempcnta=\count300
)
(/usr/local/texlive/2025/texmf-dist/tex/generic/stringenc/stringenc.sty
Package: stringenc 2019/11/29 v1.12 Convert strings between diff. encodings (HO
)
)
\@linkdim=\dimen186
\Hy@linkcounter=\count301
\Hy@pagecounter=\count302

(/usr/local/texlive/2025/texmf-dist/tex/latex/hyperref/pd1enc.def
File: pd1enc.def 2024-11-05 v7.01l Hyperref: PDFDocEncoding definition (HO)
Now handling font encoding PD1 ...
... no UTF-8 mapping file for font encoding PD1
)
(/usr/local/texlive/2025/texmf-dist/tex/generic/intcalc/intcalc.sty
Package: intcalc 2019/12/15 v1.3 Expandable calculations with integers (HO)
)
\Hy@SavedSpaceFactor=\count303

(/usr/local/texlive/2025/texmf-dist/tex/latex/hyperref/puenc.def
File: puenc.def 2024-11-05 v7.01l Hyperref: PDF Unicode definition (HO)
Now handling font encoding PU ...
... no UTF-8 mapping file for font encoding PU
)
Package hyperref Info: Option `unicode' set `true' on input line 3143.
Package hyperref Info: Hyper figures OFF on input line 4157.
Package hyperref Info: Link nesting OFF on input line 4162.
Package hyperref Info: Hyper index ON on input line 4165.
Package hyperref Info: Plain pages OFF on input line 4172.
Package hyperref Info: Backreferencing OFF on input line 4177.
Package hyperref Info: Implicit mode ON; LaTeX internals redefined.
Package hyperref Info: Bookmarks ON on input line 4424.
\c@Hy@tempcnt=\count304

(/usr/local/texlive/2025/texmf-dist/tex/latex/url/url.sty
\Urlmuskip=\muskip18
Package: url 2013/09/16  ver 3.4  Verb mode for urls, etc.
)
LaTeX Info: Redefining \url on input line 4763.
\XeTeXLinkMargin=\dimen187

(/usr/local/texlive/2025/texmf-dist/tex/generic/bitset/bitset.sty
Package: bitset 2019/12/09 v1.3 Handle bit-vector datatype (HO)

(/usr/local/texlive/2025/texmf-dist/tex/generic/bigintcalc/bigintcalc.sty
Package: bigintcalc 2019/12/15 v1.5 Expandable calculations on big integers (HO
)
))
\Fld@menulength=\count305
\Field@Width=\dimen188
\Fld@charsize=\dimen189
Package hyperref Info: Hyper figures OFF on input line 6042.
Package hyperref Info: Link nesting OFF on input line 6047.
Package hyperref Info: Hyper index ON on input line 6050.
Package hyperref Info: backreferencing OFF on input line 6057.
Package hyperref Info: Link coloring OFF on input line 6062.
Package hyperref Info: Link coloring with OCG OFF on input line 6067.
Package hyperref Info: PDF/A mode OFF on input line 6072.

(/usr/local/texlive/2025/texmf-dist/tex/latex/base/atbegshi-ltx.sty
Package: atbegshi-ltx 2021/01/10 v1.0c Emulation of the original atbegshi
package with kernel methods
)
\Hy@abspage=\count306
\c@Item=\count307
\c@Hfootnote=\count308
)
Package hyperref Info: Driver (autodetected): hpdftex.

(/usr/local/texlive/2025/texmf-dist/tex/latex/hyperref/hpdftex.def
File: hpdftex.def 2024-11-05 v7.01l Hyperref driver for pdfTeX

(/usr/local/texlive/2025/texmf-dist/tex/latex/base/atveryend-ltx.sty
Package: atveryend-ltx 2020/08/19 v1.0a Emulation of the original atveryend pac
kage
with kernel methods
)
\Fld@listcount=\count309
\c@bookmark@seq@number=\count310

(/usr/local/texlive/2025/texmf-dist/tex/latex/rerunfilecheck/rerunfilecheck.sty
Package: rerunfilecheck 2022-07-10 v1.10 Rerun checks for auxiliary files (HO)

(/usr/local/texlive/2025/texmf-dist/tex/generic/uniquecounter/uniquecounter.sty
Package: uniquecounter 2019/12/15 v1.4 Provide unlimited unique counter (HO)
)
Package uniquecounter Info: New unique counter `rerunfilecheck' on input line 2
85.
)
\Hy@SectionHShift=\skip60
)
(/usr/local/texlive/2025/texmf-dist/tex/latex/l3backend/l3backend-pdftex.def
File: l3backend-pdftex.def 2024-05-08 L3 backend support: PDF output (pdfTeX)
\l__color_backend_stack_int=\count311
\l__pdf_internal_box=\box63
)
(build/report_loaded_functions.aux)
\openout1 = `report_loaded_functions.aux'.

LaTeX Font Info:    Checking defaults for OML/cmm/m/it on input line 23.
LaTeX Font Info:    ... okay on input line 23.
LaTeX Font Info:    Checking defaults for OMS/cmsy/m/n on input line 23.
LaTeX Font Info:    ... okay on input line 23.
LaTeX Font Info:    Checking defaults for OT1/cmr/m/n on input line 23.
LaTeX Font Info:    ... okay on input line 23.
LaTeX Font Info:    Checking defaults for T1/cmr/m/n on input line 23.
LaTeX Font Info:    ... okay on input line 23.
LaTeX Font Info:    Checking defaults for TS1/cmr/m/n on input line 23.
LaTeX Font Info:    ... okay on input line 23.
LaTeX Font Info:    Checking defaults for OMX/cmex/m/n on input line 23.
LaTeX Font Info:    ... okay on input line 23.
LaTeX Font Info:    Checking defaults for U/cmr/m/n on input line 23.
LaTeX Font Info:    ... okay on input line 23.
LaTeX Font Info:    Checking defaults for T2A/cmr/m/n on input line 23.
LaTeX Font Info:    ... okay on input line 23.
LaTeX Font Info:    Checking defaults for PD1/pdf/m/n on input line 23.
LaTeX Font Info:    ... okay on input line 23.
LaTeX Font Info:    Checking defaults for PU/pdf/m/n on input line 23.
LaTeX Font Info:    ... okay on input line 23.
LaTeX Info: Redefining \th on input line 23.

*geometry* driver: auto-detecting
*geometry* detected driver: pdftex
*geometry* verbose mode - [ preamble ] result:
* driver: pdftex
* paper: a4paper
* layout: <same size as paper>
* layoutoffset:(h,v)=(0.0pt,0.0pt)
* modes: 
* h-part:(L,W,R)=(59.75095pt, 478.00598pt, 59.75095pt)
* v-part:(T,H,B)=(59.75095pt, 725.54495pt, 59.75095pt)
* \paperwidth=597.50787pt
* \paperheight=845.04684pt
* \textwidth=478.00598pt
* \textheight=725.54495pt
* \oddsidemargin=-12.51904pt
* \evensidemargin=-12.51904pt
* \topmargin=-49.51904pt
* \headheight=12.0pt
* \headsep=25.0pt
* \topskip=12.0pt
* \footskip=30.0pt
* \marginparwidth=35.0pt
* \marginparsep=10.0pt
* \columnsep=10.0pt
* \skip\footins=10.8pt plus 4.0pt minus 2.0pt
* \hoffset=0.0pt
* \voffset=0.0pt
* \mag=1000
* \@twocolumnfalse
* \@twosidefalse
* \@mparswitchfalse
* \@reversemarginfalse
* (1in=72.27pt=25.4mm, 1cm=28.453pt)

(/usr/local/texlive/2025/texmf-dist/tex/context/base/mkii/supp-pdf.mkii
[Loading MPS to PDF converter (version 2006.09.02).]
\scratchcounter=\count312
\scratchdimen=\dimen190
\scratchbox=\box64
\nofMPsegments=\count313
\nofMParguments=\count314
\everyMPshowfont=\toks30
\MPscratchCnt=\count315
\MPscratchDim=\dimen191
\MPnumerator=\count316
\makeMPintoPDFobject=\count317
\everyMPtoPDFconversion=\toks31
) (/usr/local/texlive/2025/texmf-dist/tex/latex/epstopdf-pkg/epstopdf-base.sty
Package: epstopdf-base 2020-01-24 v2.11 Base part for package epstopdf
Package epstopdf-base Info: Redefining graphics rule for `.eps' on input line 4
85.

(/usr/local/texlive/2025/texmf-dist/tex/latex/latexconfig/epstopdf-sys.cfg
File: epstopdf-sys.cfg 2010/07/13 v1.3 Configuration of (r)epstopdf for TeX Liv
e
))
Package caption Info: Begin \AtBeginDocument code.
Package caption Info: hyperref package is loaded.
Package caption Info: End \AtBeginDocument code.
Package hyperref Info: Link coloring OFF on input line 23.

(build/report_loaded_functions.out) (build/report_loaded_functions.out)
\@outlinefile=\write3
\openout3 = `report_loaded_functions.out'.

LaTeX Font Info:    Trying to load font information for U+msa on input line 25.


(/usr/local/texlive/2025/texmf-dist/tex/latex/amsfonts/umsa.fd
File: umsa.fd 2013/01/14 v3.01 AMS symbols A
)
LaTeX Font Info:    Trying to load font information for U+msb on input line 25.


(/usr/local/texlive/2025/texmf-dist/tex/latex/amsfonts/umsb.fd
File: umsb.fd 2013/01/14 v3.01 AMS symbols B
)
(./generated/results_table.tex

[1

{/usr/local/texlive/2025/texmf-var/fonts/map/pdftex/updmap/pdftex.map}{/usr/loc
al/texlive/2025/texmf-dist/fonts/enc/dvips/cm-super/cm-super-t2a.enc}{/usr/loca
l/texlive/2025/texmf-dist/fonts/enc/dvips/cm-super/cm-super-ts1.enc}]

[2]
Underfull \hbox (badness 10000) in paragraph at lines 32--32
[]|$\OML/cmm/m/it/8 J[] \OT1/cmr/m/n/8 = 1\OML/cmm/m/it/8 :\OT1/cmr/m/n/8 0000$
\T2A/cmr/m/n/8 ;
 []


Underfull \hbox (badness 10000) in paragraph at lines 32--32
\T2A/cmr/m/n/8 неедин-ствен-ный
 []


Underfull \hbox (badness 10000) in paragraph at lines 33--33
[]|$\OML/cmm/m/it/8 J[] \OT1/cmr/m/n/8 = 1\OML/cmm/m/it/8 :\OT1/cmr/m/n/8 0000$
\T2A/cmr/m/n/8 ;
 []


Underfull \hbox (badness 10000) in paragraph at lines 33--33
\T2A/cmr/m/n/8 неедин-ствен-ный
 []


Underfull \hbox (badness 10000) in paragraph at lines 38--38
[]|$\OML/cmm/m/it/8 J[] \OT1/cmr/m/n/8 = 1\OML/cmm/m/it/8 :\OT1/cmr/m/n/8 0000$
\T2A/cmr/m/n/8 ;
 []


Underfull \hbox (badness 10000) in paragraph at lines 38--38
\T2A/cmr/m/n/8 неедин-ствен-ный
 []

[3

]

[4]) (./generated/figures.tex
<graphs/a_g1_xge1_overview.png, id=43, 831.105pt x 578.16pt>
File: graphs/a_g1_xge1_overview.png Graphic file (type png)
<use graphs/a_g1_xge1_overview.png>
Package pdftex.def Info: graphs/a_g1_xge1_overview.png  used on input line 3.
(pdftex.def)             Requested size: 458.88895pt x 319.22406pt.
<graphs/a_g1_xge0_overview.png, id=45, 831.105pt x 578.16pt>
File: graphs/a_g1_xge0_overview.png Graphic file (type png)
<use graphs/a_g1_xge0_overview.png>
Package pdftex.def Info: graphs/a_g1_xge0_overview.png  used on input line 9.
(pdftex.def)             Requested size: 458.88895pt x 319.22406pt.


[5

 <./graphs/a_g1_xge1_overview.png>]
<graphs/a_g1_R_overview.png, id=53, 831.105pt x 578.16pt>
File: graphs/a_g1_R_overview.png Graphic file (type png)
<use graphs/a_g1_R_overview.png>
Package pdftex.def Info: graphs/a_g1_R_overview.png  used on input line 15.
(pdftex.def)             Requested size: 458.88895pt x 319.22406pt.


[6 <./graphs/a_g1_xge0_overview.png>]
<graphs/a_g2_xge1_overview.png, id=60, 831.105pt x 578.16pt>
File: graphs/a_g2_xge1_overview.png Graphic file (type png)
<use graphs/a_g2_xge1_overview.png>
Package pdftex.def Info: graphs/a_g2_xge1_overview.png  used on input line 21.
(pdftex.def)             Requested size: 458.88895pt x 319.22406pt.


[7 <./graphs/a_g1_R_overview.png>]
<graphs/a_g2_xge0_overview.png, id=68, 831.105pt x 578.16pt>
File: graphs/a_g2_xge0_overview.png Graphic file (type png)
<use graphs/a_g2_xge0_overview.png>
Package pdftex.def Info: graphs/a_g2_xge0_overview.png  used on input line 27.
(pdftex.def)             Requested size: 458.88895pt x 319.22406pt.


[8 <./graphs/a_g2_xge1_overview.png>]
<graphs/a_g2_R_overview.png, id=75, 831.105pt x 578.16pt>
File: graphs/a_g2_R_overview.png Graphic file (type png)
<use graphs/a_g2_R_overview.png>
Package pdftex.def Info: graphs/a_g2_R_overview.png  used on input line 33.
(pdftex.def)             Requested size: 458.88895pt x 319.22406pt.


[9 <./graphs/a_g2_xge0_overview.png>]
<graphs/a_g3_xge1_overview.png, id=82, 831.105pt x 578.16pt>
File: graphs/a_g3_xge1_overview.png Graphic file (type png)
<use graphs/a_g3_xge1_overview.png>
Package pdftex.def Info: graphs/a_g3_xge1_overview.png  used on input line 39.
(pdftex.def)             Requested size: 458.88895pt x 319.22406pt.


[10 <./graphs/a_g2_R_overview.png>]
<graphs/a_g3_xge0_overview.png, id=89, 831.105pt x 578.16pt>
File: graphs/a_g3_xge0_overview.png Graphic file (type png)
<use graphs/a_g3_xge0_overview.png>
Package pdftex.def Info: graphs/a_g3_xge0_overview.png  used on input line 45.
(pdftex.def)             Requested size: 458.88895pt x 319.22406pt.


[11 <./graphs/a_g3_xge1_overview.png>]
<graphs/a_g3_R_overview.png, id=96, 831.105pt x 578.16pt>
File: graphs/a_g3_R_overview.png Graphic file (type png)
<use graphs/a_g3_R_overview.png>
Package pdftex.def Info: graphs/a_g3_R_overview.png  used on input line 51.
(pdftex.def)             Requested size: 458.88895pt x 319.22406pt.


[12 <./graphs/a_g3_xge0_overview.png>]
<graphs/a_g4_xge1_overview.png, id=103, 831.105pt x 578.16pt>
File: graphs/a_g4_xge1_overview.png Graphic file (type png)
<use graphs/a_g4_xge1_overview.png>
Package pdftex.def Info: graphs/a_g4_xge1_overview.png  used on input line 57.
(pdftex.def)             Requested size: 458.88895pt x 319.22406pt.


[13 <./graphs/a_g3_R_overview.png>]
<graphs/a_g4_xge0_overview.png, id=111, 831.105pt x 578.16pt>
File: graphs/a_g4_xge0_overview.png Graphic file (type png)
<use graphs/a_g4_xge0_overview.png>
Package pdftex.def Info: graphs/a_g4_xge0_overview.png  used on input line 63.
(pdftex.def)             Requested size: 458.88895pt x 319.22406pt.


[14 <./graphs/a_g4_xge1_overview.png>]
<graphs/a_g4_R_overview.png, id=118, 831.105pt x 578.16pt>
File: graphs/a_g4_R_overview.png Graphic file (type png)
<use graphs/a_g4_R_overview.png>
Package pdftex.def Info: graphs/a_g4_R_overview.png  used on input line 69.
(pdftex.def)             Requested size: 458.88895pt x 319.22406pt.


[15 <./graphs/a_g4_xge0_overview.png>]
<graphs/a_g5_xge1_overview.png, id=125, 831.105pt x 578.16pt>
File: graphs/a_g5_xge1_overview.png Graphic file (type png)
<use graphs/a_g5_xge1_overview.png>
Package pdftex.def Info: graphs/a_g5_xge1_overview.png  used on input line 75.
(pdftex.def)             Requested size: 458.88895pt x 319.22406pt.


[16 <./graphs/a_g4_R_overview.png>]
<graphs/a_g5_xge0_overview.png, id=132, 831.105pt x 578.16pt>
File: graphs/a_g5_xge0_overview.png Graphic file (type png)
<use graphs/a_g5_xge0_overview.png>
Package pdftex.def Info: graphs/a_g5_xge0_overview.png  used on input line 81.
(pdftex.def)             Requested size: 458.88895pt x 319.22406pt.


[17 <./graphs/a_g5_xge1_overview.png>]
<graphs/a_g5_R_overview.png, id=139, 831.105pt x 578.16pt>
File: graphs/a_g5_R_overview.png Graphic file (type png)
<use graphs/a_g5_R_overview.png>
Package pdftex.def Info: graphs/a_g5_R_overview.png  used on input line 87.
(pdftex.def)             Requested size: 458.88895pt x 319.22406pt.


[18 <./graphs/a_g5_xge0_overview.png>]
<graphs/b_g1_xge0_overview.png, id=146, 831.105pt x 578.16pt>
File: graphs/b_g1_xge0_overview.png Graphic file (type png)
<use graphs/b_g1_xge0_overview.png>
Package pdftex.def Info: graphs/b_g1_xge0_overview.png  used on input line 93.
(pdftex.def)             Requested size: 458.88895pt x 319.22406pt.


[19 <./graphs/a_g5_R_overview.png>]
<graphs/b_g2_xge0_overview.png, id=154, 831.105pt x 578.16pt>
File: graphs/b_g2_xge0_overview.png Graphic file (type png)
<use graphs/b_g2_xge0_overview.png>
Package pdftex.def Info: graphs/b_g2_xge0_overview.png  used on input line 99.
(pdftex.def)             Requested size: 458.88895pt x 319.22406pt.


[20 <./graphs/b_g1_xge0_overview.png>]
<graphs/b_g3_xge0_overview.png, id=161, 831.105pt x 578.16pt>
File: graphs/b_g3_xge0_overview.png Graphic file (type png)
<use graphs/b_g3_xge0_overview.png>
Package pdftex.def Info: graphs/b_g3_xge0_overview.png  used on input line 105.

(pdftex.def)             Requested size: 458.88895pt x 319.22406pt.


[21 <./graphs/b_g2_xge0_overview.png>]
<graphs/g_g1_xge0_overview.png, id=168, 831.105pt x 578.16pt>
File: graphs/g_g1_xge0_overview.png Graphic file (type png)
<use graphs/g_g1_xge0_overview.png>
Package pdftex.def Info: graphs/g_g1_xge0_overview.png  used on input line 111.

(pdftex.def)             Requested size: 458.88895pt x 319.22406pt.


[22 <./graphs/b_g3_xge0_overview.png>]
<graphs/g_g1_R_overview.png, id=175, 831.105pt x 578.16pt>
File: graphs/g_g1_R_overview.png Graphic file (type png)
<use graphs/g_g1_R_overview.png>
Package pdftex.def Info: graphs/g_g1_R_overview.png  used on input line 117.
(pdftex.def)             Requested size: 458.88895pt x 319.22406pt.


[23 <./graphs/g_g1_xge0_overview.png>]
<graphs/g_g2_xge0_overview.png, id=182, 831.105pt x 578.16pt>
File: graphs/g_g2_xge0_overview.png Graphic file (type png)
<use graphs/g_g2_xge0_overview.png>
Package pdftex.def Info: graphs/g_g2_xge0_overview.png  used on input line 123.

(pdftex.def)             Requested size: 458.88895pt x 319.22406pt.


[24 <./graphs/g_g1_R_overview.png>]
<graphs/g_g2_R_overview.png, id=190, 831.105pt x 578.16pt>
File: graphs/g_g2_R_overview.png Graphic file (type png)
<use graphs/g_g2_R_overview.png>
Package pdftex.def Info: graphs/g_g2_R_overview.png  used on input line 129.
(pdftex.def)             Requested size: 458.88895pt x 319.22406pt.


[25 <./graphs/g_g2_xge0_overview.png>]
<graphs/g_g3_xge0_overview.png, id=198, 831.105pt x 578.16pt>
File: graphs/g_g3_xge0_overview.png Graphic file (type png)
<use graphs/g_g3_xge0_overview.png>
Package pdftex.def Info: graphs/g_g3_xge0_overview.png  used on input line 135.

(pdftex.def)             Requested size: 458.88895pt x 319.22406pt.


[26 <./graphs/g_g2_R_overview.png>]
<graphs/g_g3_R_overview.png, id=205, 831.105pt x 578.16pt>
File: graphs/g_g3_R_overview.png Graphic file (type png)
<use graphs/g_g3_R_overview.png>
Package pdftex.def Info: graphs/g_g3_R_overview.png  used on input line 141.
(pdftex.def)             Requested size: 458.88895pt x 319.22406pt.


[27 <./graphs/g_g3_xge0_overview.png>]
<graphs/d_g1_R_overview.png, id=212, 831.105pt x 578.16pt>
File: graphs/d_g1_R_overview.png Graphic file (type png)
<use graphs/d_g1_R_overview.png>
Package pdftex.def Info: graphs/d_g1_R_overview.png  used on input line 147.
(pdftex.def)             Requested size: 458.88895pt x 319.22406pt.


[28 <./graphs/g_g3_R_overview.png>]
<graphs/d_g1_xge0_overview.png, id=219, 831.105pt x 578.16pt>
File: graphs/d_g1_xge0_overview.png Graphic file (type png)
<use graphs/d_g1_xge0_overview.png>
Package pdftex.def Info: graphs/d_g1_xge0_overview.png  used on input line 153.

(pdftex.def)             Requested size: 458.88895pt x 319.22406pt.


[29 <./graphs/d_g1_R_overview.png>]
<graphs/d_g2_R_overview.png, id=226, 831.105pt x 578.16pt>
File: graphs/d_g2_R_overview.png Graphic file (type png)
<use graphs/d_g2_R_overview.png>
Package pdftex.def Info: graphs/d_g2_R_overview.png  used on input line 159.
(pdftex.def)             Requested size: 458.88895pt x 319.22406pt.


[30 <./graphs/d_g1_xge0_overview.png>]
<graphs/d_g2_xge0_overview.png, id=233, 831.105pt x 578.16pt>
File: graphs/d_g2_xge0_overview.png Graphic file (type png)
<use graphs/d_g2_xge0_overview.png>
Package pdftex.def Info: graphs/d_g2_xge0_overview.png  used on input line 165.

(pdftex.def)             Requested size: 458.88895pt x 319.22406pt.


[31 <./graphs/d_g2_R_overview.png>]
<graphs/d_g3_R_overview.png, id=241, 831.105pt x 578.16pt>
File: graphs/d_g3_R_overview.png Graphic file (type png)
<use graphs/d_g3_R_overview.png>
Package pdftex.def Info: graphs/d_g3_R_overview.png  used on input line 171.
(pdftex.def)             Requested size: 458.88895pt x 319.22406pt.


[32 <./graphs/d_g2_xge0_overview.png>]
<graphs/d_g3_xge0_overview.png, id=248, 831.105pt x 578.16pt>
File: graphs/d_g3_xge0_overview.png Graphic file (type png)
<use graphs/d_g3_xge0_overview.png>
Package pdftex.def Info: graphs/d_g3_xge0_overview.png  used on input line 177.

(pdftex.def)             Requested size: 458.88895pt x 319.22406pt.


[33 <./graphs/d_g3_R_overview.png>]
<graphs/d_g4_R_overview.png, id=255, 831.105pt x 578.16pt>
File: graphs/d_g4_R_overview.png Graphic file (type png)
<use graphs/d_g4_R_overview.png>
Package pdftex.def Info: graphs/d_g4_R_overview.png  used on input line 183.
(pdftex.def)             Requested size: 458.88895pt x 319.22406pt.


[34 <./graphs/d_g3_xge0_overview.png>]
<graphs/d_g4_xge0_overview.png, id=262, 831.105pt x 578.16pt>
File: graphs/d_g4_xge0_overview.png Graphic file (type png)
<use graphs/d_g4_xge0_overview.png>
Package pdftex.def Info: graphs/d_g4_xge0_overview.png  used on input line 189.

(pdftex.def)             Requested size: 458.88895pt x 319.22406pt.
)

[35 <./graphs/d_g4_R_overview.png>]

[36 <./graphs/d_g4_xge0_overview.png>] (build/report_loaded_functions.aux)
 ***********
LaTeX2e <2024-11-01> patch level 2
L3 programming layer <2025-01-18>
 ***********
Package rerunfilecheck Info: File `report_loaded_functions.out' has not changed
.
(rerunfilecheck)             Checksum: D41D8CD98F00B204E9800998ECF8427E;0.
 ) 
Here is how much of TeX's memory you used:
 14472 strings out of 473190
 232525 string characters out of 5715800
 667782 words of memory out of 5000000
 37461 multiletter control sequences out of 15000+600000
 573452 words of font info for 81 fonts, out of 8000000 for 9000
 1141 hyphenation exceptions out of 8191
 75i,9n,79p,893b,665s stack positions out of 10000i,1000n,20000p,200000b,200000s
</usr/local/texlive/2025/texmf-dist/fonts/type1/public/amsfonts/cm/cmmi12.pfb
></usr/local/texlive/2025/texmf-dist/fonts/type1/public/amsfonts/cm/cmmi6.pfb><
/usr/local/texlive/2025/texmf-dist/fonts/type1/public/amsfonts/cm/cmmi8.pfb></u
sr/local/texlive/2025/texmf-dist/fonts/type1/public/amsfonts/cm/cmr12.pfb></usr
/local/texlive/2025/texmf-dist/fonts/type1/public/amsfonts/cm/cmr5.pfb></usr/lo
cal/texlive/2025/texmf-dist/fonts/type1/public/amsfonts/cm/cmr6.pfb></usr/local
/texlive/2025/texmf-dist/fonts/type1/public/amsfonts/cm/cmr8.pfb></usr/local/te
xlive/2025/texmf-dist/fonts/type1/public/amsfonts/cm/cmsy10.pfb></usr/local/tex
live/2025/texmf-dist/fonts/type1/public/amsfonts/cm/cmsy6.pfb></usr/local/texli
ve/2025/texmf-dist/fonts/type1/public/amsfonts/cm/cmsy8.pfb></usr/local/texlive
/2025/texmf-dist/fonts/type1/public/amsfonts/symbols/msbm10.pfb></usr/local/tex
live/2025/texmf-dist/fonts/type1/public/cm-super/sfbx1728.pfb></usr/local/texli
ve/2025/texmf-dist/fonts/type1/public/cm-super/sfrm0800.pfb></usr/local/texlive
/2025/texmf-dist/fonts/type1/public/cm-super/sfrm1200.pfb></usr/local/texlive/2
025/texmf-dist/fonts/type1/public/cm-super/sfrm1440.pfb></usr/local/texlive/202
5/texmf-dist/fonts/type1/public/cm-super/sfrm2074.pfb>
Output written on build/report_loaded_functions.pdf (36 pages, 3675456 bytes).
PDF statistics:
 366 PDF objects out of 1000 (max. 8388607)
 228 compressed objects within 3 object streams
 76 named destinations out of 1000 (max. 500000)
 161 words of extra memory for PDF output out of 10000 (max. 10000000)

